C:\Users\grund\AppData\Local\Programs\Python\Python38-32\Goodmorning.py
C:\Users\grund\AppData\Local\Programs\Python\Python38-32\names2.py
C:\Users\grund\AppData\Local\Programs\Python\Python38-32\eh.py
C:\Users\grund\AppData\Local\Programs\Python\Python38-32\Candy.py
C:\Users\grund\AppData\Local\Programs\Python\Python38-32\Date.py
C:\Users\grund\AppData\Local\Programs\Python\Python38-32\PythonModule.py
C:\Users\grund\AppData\Local\Programs\Python\Python38-32\importingotherprograms.py
C:\Users\grund\AppData\Local\Programs\Python\Python38-32\function2.py
C:\Users\grund\AppData\Local\Programs\Python\Python38-32\function1.py
C:\Users\grund\AppData\Local\Programs\Python\Python38-32\best_vands2.py
C:\Users\grund\AppData\Local\Programs\Python\Python38-32\best_bands.py
C:\Users\grund\AppData\Local\Programs\Python\Python38-32\counters_infinite.py
C:\Users\grund\AppData\Local\Programs\Python\Python38-32\counters_2.py
C:\Users\grund\AppData\Local\Programs\Python\Python38-32\time and counters.py
C:\Users\grund\AppData\Local\Programs\Python\Python38-32\counters.py
C:\Users\grund\AppData\Local\Programs\Python\Python38-32\names.py
C:\Users\grund\AppData\Local\Programs\Python\Python38-32\first_test.py
C:\Users\grund\AppData\Local\Programs\Python\Python38-32\project_1.py
C:\Users\grund\AppData\Local\Programs\Python\Python38-32\second_code.py
C:\Users\grund\AppData\Local\Programs\Python\Python38-32\first_code.py
